Missing POSIX functions:
alarm cfgetispeed cfgetospeed cfsetispeed cfsetospeed tcdrain tcflow tcflush 
tcgetattr tcgetpgrp tcsendbreak tcsetattr tcsetpgrp 

Symbols in old library, but not in new one:
_GLOBAL_$I$_gppconio_init  __atexit  __mb_cur_max  _cleanup  _ctype_
_findenv  _findiop  _get_default_drive  _gppconio_init  _interrupt_stack_size
_iob  _memcpy  _setmode  _setstack  _smallbuf  _stklen  _tztab  brk  fchmod
fcloseall  fgetpwent  fpurge  getrusage  longjmperror  mkstemp  nlist
on_exit  readcr  readv  realloc_srchlen  setenv  sigsetmask  stat_assist
sys_errlist  sys_nerr  tempnam  timezone  tzsetwall  unsetenv  valloc
writecr  writev
