[0] = `d:/posix/tests/libc/ansi/stdlib/../../crt0/args.exe'
[1] = `aaaaaaaaaaaaaaaaaaaaaa'
[2] = `bbbbbbbbbbbbbbbbbbbbbbbb'
[3] = `ccccccccccccccccccccc'
[4] = `ddddddddddddddddddddddd'
[5] = `eeeeeeeeeeee'
